// Jest Snapshot v1, https://goo.gl/fbAQLP

exports[`App.js renders App.js 1`] = `[Function]`;
